interactions:
- request:
    body: null
    headers: {}
    method: GET
    uri: http://localhost:5000/seqrepo/1/sequence/NC_000013.11?start=32936731&end=32936732
  response:
    body:
      string: C
    headers: {}
    status:
      code: 200
      message: OK
- request:
    body: null
    headers: {}
    method: GET
    uri: https://eutils.ncbi.nlm.nih.gov/entrez/eutils/efetch.fcgi?db=nucleotide&id=NC_000013.11&rettype=fasta&seq_start=32936732&seq_stop=32936732&tool=bioutils&email=biocommons-dev@googlegroups.com
  response:
    body:
      string: '>NC_000013.11:32936732-32936732 Homo sapiens chromosome 13, GRCh38.p14
        Primary Assembly

        C


        '
    headers: {}
    status:
      code: 200
      message: OK
- request:
    body: null
    headers: {}
    method: GET
    uri: http://localhost:5000/seqrepo/1/sequence/NC_000013.11?start=32936731&end=32936732
  response:
    body:
      string: C
    headers: {}
    status:
      code: 200
      message: OK
- request:
    body: null
    headers: {}
    method: GET
    uri: http://localhost:5000/seqrepo/1/metadata/refseq:NC_000013.11
  response:
    body:
      string: "{\n  \"added\": \"2016-08-27T23:50:14Z\",\n  \"aliases\": [\n    \"GRCh38:13\",\n
        \   \"GRCh38:chr13\",\n    \"GRCh38.p1:13\",\n    \"GRCh38.p1:chr13\",\n    \"GRCh38.p10:13\",\n
        \   \"GRCh38.p10:chr13\",\n    \"GRCh38.p11:13\",\n    \"GRCh38.p11:chr13\",\n
        \   \"GRCh38.p12:13\",\n    \"GRCh38.p12:chr13\",\n    \"GRCh38.p2:13\",\n
        \   \"GRCh38.p2:chr13\",\n    \"GRCh38.p3:13\",\n    \"GRCh38.p3:chr13\",\n
        \   \"GRCh38.p4:13\",\n    \"GRCh38.p4:chr13\",\n    \"GRCh38.p5:13\",\n    \"GRCh38.p5:chr13\",\n
        \   \"GRCh38.p6:13\",\n    \"GRCh38.p6:chr13\",\n    \"GRCh38.p7:13\",\n    \"GRCh38.p7:chr13\",\n
        \   \"GRCh38.p8:13\",\n    \"GRCh38.p8:chr13\",\n    \"GRCh38.p9:13\",\n    \"GRCh38.p9:chr13\",\n
        \   \"MD5:a5437debe2ef9c9ef8f3ea2874ae1d82\",\n    \"NCBI:NC_000013.11\",\n
        \   \"refseq:NC_000013.11\",\n    \"SEGUID:2oDBty0yKV9wHo7gg+Bt+fPgi5o\",\n
        \   \"SHA1:da80c1b72d32295f701e8ee083e06df9f3e08b9a\",\n    \"VMC:GS__0wi-qoDrvram155UmcSC-zA5ZK4fpLT\",\n
        \   \"sha512t24u:_0wi-qoDrvram155UmcSC-zA5ZK4fpLT\",\n    \"ga4gh:SQ._0wi-qoDrvram155UmcSC-zA5ZK4fpLT\"\n
        \ ],\n  \"alphabet\": \"ACGKNTY\",\n  \"length\": 114364328\n}\n"
    headers: {}
    status:
      code: 200
      message: OK
- request:
    body: null
    headers: {}
    method: GET
    uri: http://localhost:5000/seqrepo/1/sequence/NC_000013.11?start=32936731&end=32936732
  response:
    body:
      string: C
    headers: {}
    status:
      code: 200
      message: OK
- request:
    body: null
    headers: {}
    method: GET
    uri: http://localhost:5000/seqrepo/1/metadata/ga4gh:SQ._0wi-qoDrvram155UmcSC-zA5ZK4fpLT
  response:
    body:
      string: "{\n  \"added\": \"2016-08-27T23:50:14Z\",\n  \"aliases\": [\n    \"GRCh38:13\",\n
        \   \"GRCh38:chr13\",\n    \"GRCh38.p1:13\",\n    \"GRCh38.p1:chr13\",\n    \"GRCh38.p10:13\",\n
        \   \"GRCh38.p10:chr13\",\n    \"GRCh38.p11:13\",\n    \"GRCh38.p11:chr13\",\n
        \   \"GRCh38.p12:13\",\n    \"GRCh38.p12:chr13\",\n    \"GRCh38.p2:13\",\n
        \   \"GRCh38.p2:chr13\",\n    \"GRCh38.p3:13\",\n    \"GRCh38.p3:chr13\",\n
        \   \"GRCh38.p4:13\",\n    \"GRCh38.p4:chr13\",\n    \"GRCh38.p5:13\",\n    \"GRCh38.p5:chr13\",\n
        \   \"GRCh38.p6:13\",\n    \"GRCh38.p6:chr13\",\n    \"GRCh38.p7:13\",\n    \"GRCh38.p7:chr13\",\n
        \   \"GRCh38.p8:13\",\n    \"GRCh38.p8:chr13\",\n    \"GRCh38.p9:13\",\n    \"GRCh38.p9:chr13\",\n
        \   \"MD5:a5437debe2ef9c9ef8f3ea2874ae1d82\",\n    \"NCBI:NC_000013.11\",\n
        \   \"refseq:NC_000013.11\",\n    \"SEGUID:2oDBty0yKV9wHo7gg+Bt+fPgi5o\",\n
        \   \"SHA1:da80c1b72d32295f701e8ee083e06df9f3e08b9a\",\n    \"VMC:GS__0wi-qoDrvram155UmcSC-zA5ZK4fpLT\",\n
        \   \"sha512t24u:_0wi-qoDrvram155UmcSC-zA5ZK4fpLT\",\n    \"ga4gh:SQ._0wi-qoDrvram155UmcSC-zA5ZK4fpLT\"\n
        \ ],\n  \"alphabet\": \"ACGKNTY\",\n  \"length\": 114364328\n}\n"
    headers: {}
    status:
      code: 200
      message: OK
- request:
    body: null
    headers: {}
    method: GET
    uri: http://localhost:5000/seqrepo/1/sequence/ga4gh:SQ._0wi-qoDrvram155UmcSC-zA5ZK4fpLT?start=32936731&end=32936732
  response:
    body:
      string: C
    headers: {}
    status:
      code: 200
      message: OK
- request:
    body: null
    headers: {}
    method: GET
    uri: http://localhost:5000/seqrepo/1/sequence/ga4gh:SQ._0wi-qoDrvram155UmcSC-zA5ZK4fpLT?start=32936730&end=32936731
  response:
    body:
      string: C
    headers: {}
    status:
      code: 200
      message: OK
- request:
    body: null
    headers: {}
    method: GET
    uri: http://localhost:5000/seqrepo/1/sequence/ga4gh:SQ._0wi-qoDrvram155UmcSC-zA5ZK4fpLT?start=32936729&end=32936730
  response:
    body:
      string: C
    headers: {}
    status:
      code: 200
      message: OK
- request:
    body: null
    headers: {}
    method: GET
    uri: http://localhost:5000/seqrepo/1/sequence/ga4gh:SQ._0wi-qoDrvram155UmcSC-zA5ZK4fpLT?start=32936728&end=32936729
  response:
    body:
      string: T
    headers: {}
    status:
      code: 200
      message: OK
- request:
    body: null
    headers: {}
    method: GET
    uri: http://localhost:5000/seqrepo/1/sequence/ga4gh:SQ._0wi-qoDrvram155UmcSC-zA5ZK4fpLT?start=32936732&end=32936733
  response:
    body:
      string: C
    headers: {}
    status:
      code: 200
      message: OK
- request:
    body: null
    headers: {}
    method: GET
    uri: http://localhost:5000/seqrepo/1/sequence/ga4gh:SQ._0wi-qoDrvram155UmcSC-zA5ZK4fpLT?start=32936733&end=32936734
  response:
    body:
      string: A
    headers: {}
    status:
      code: 200
      message: OK
- request:
    body: null
    headers: {}
    method: GET
    uri: http://localhost:5000/seqrepo/1/sequence/ga4gh:SQ._0wi-qoDrvram155UmcSC-zA5ZK4fpLT?start=32936729&end=32936731
  response:
    body:
      string: CC
    headers: {}
    status:
      code: 200
      message: OK
- request:
    body: null
    headers: {}
    method: GET
    uri: http://localhost:5000/seqrepo/1/sequence/ga4gh:SQ._0wi-qoDrvram155UmcSC-zA5ZK4fpLT?start=32936729&end=32936733
  response:
    body:
      string: CCCC
    headers: {}
    status:
      code: 200
      message: OK
- request:
    body: null
    headers: {}
    method: GET
    uri: https://eutils.ncbi.nlm.nih.gov/entrez/eutils/efetch.fcgi?db=nucleotide&id=NC_000013.11&rettype=fasta&seq_start=32936732&seq_stop=32936732&tool=bioutils&email=biocommons-dev@googlegroups.com
  response:
    body:
      string: '>NC_000013.11:32936732-32936732 Homo sapiens chromosome 13, GRCh38.p14
        Primary Assembly

        C


        '
    headers: {}
    status:
      code: 200
      message: OK
- request:
    body: null
    headers: {}
    method: GET
    uri: http://localhost:5000/seqrepo/1/sequence/NC_000013.11?start=32936731&end=32936732
  response:
    body:
      string: C
    headers: {}
    status:
      code: 200
      message: OK
- request:
    body: null
    headers: {}
    method: GET
    uri: https://eutils.ncbi.nlm.nih.gov/entrez/eutils/efetch.fcgi?db=nucleotide&id=NC_000013.11&rettype=fasta&seq_start=32936732&seq_stop=32936732&tool=bioutils&email=biocommons-dev@googlegroups.com
  response:
    body:
      string: '>NC_000013.11:32936732-32936732 Homo sapiens chromosome 13, GRCh38.p14
        Primary Assembly

        C


        '
    headers: {}
    status:
      code: 200
      message: OK
- request:
    body: null
    headers: {}
    method: GET
    uri: http://localhost:5000/seqrepo/1/sequence/NC_000013.11?start=32936731&end=32936732
  response:
    body:
      string: C
    headers: {}
    status:
      code: 200
      message: OK
- request:
    body: null
    headers: {}
    method: GET
    uri: https://eutils.ncbi.nlm.nih.gov/entrez/eutils/efetch.fcgi?db=nucleotide&id=NC_000013.11&rettype=fasta&seq_start=32936732&seq_stop=32936732&tool=bioutils&email=biocommons-dev@googlegroups.com
  response:
    body:
      string: '>NC_000013.11:32936732-32936732 Homo sapiens chromosome 13, GRCh38.p14
        Primary Assembly

        C


        '
    headers: {}
    status:
      code: 200
      message: OK
- request:
    body: null
    headers: {}
    method: GET
    uri: http://localhost:5000/seqrepo/1/sequence/NC_000013.11?start=32936731&end=32936732
  response:
    body:
      string: C
    headers: {}
    status:
      code: 200
      message: OK
- request:
    body: null
    headers: {}
    method: GET
    uri: https://eutils.ncbi.nlm.nih.gov/entrez/eutils/efetch.fcgi?db=nucleotide&id=NC_000013.11&rettype=fasta&seq_start=32936732&seq_stop=32936732&tool=bioutils&email=biocommons-dev@googlegroups.com
  response:
    body:
      string: '>NC_000013.11:32936732-32936732 Homo sapiens chromosome 13, GRCh38.p14
        Primary Assembly

        C


        '
    headers: {}
    status:
      code: 200
      message: OK
- request:
    body: null
    headers: {}
    method: GET
    uri: http://localhost:5000/seqrepo/1/sequence/NC_000013.11?start=32936731&end=32936732
  response:
    body:
      string: C
    headers: {}
    status:
      code: 200
      message: OK
- request:
    body: null
    headers: {}
    method: GET
    uri: https://eutils.ncbi.nlm.nih.gov/entrez/eutils/efetch.fcgi?db=nucleotide&id=NC_000013.11&rettype=fasta&seq_start=32936732&seq_stop=32936732&tool=bioutils&email=biocommons-dev@googlegroups.com
  response:
    body:
      string: '>NC_000013.11:32936732-32936732 Homo sapiens chromosome 13, GRCh38.p14
        Primary Assembly

        C


        '
    headers: {}
    status:
      code: 200
      message: OK
- request:
    body: null
    headers: {}
    method: GET
    uri: http://localhost:5000/seqrepo/1/sequence/NC_000013.11?start=32936731&end=32936732
  response:
    body:
      string: C
    headers: {}
    status:
      code: 200
      message: OK
- request:
    body: null
    headers: {}
    method: GET
    uri: https://eutils.ncbi.nlm.nih.gov/entrez/eutils/efetch.fcgi?db=nucleotide&id=NC_000013.11&rettype=fasta&seq_start=32936732&seq_stop=32936732&tool=bioutils&email=biocommons-dev@googlegroups.com
  response:
    body:
      string: '>NC_000013.11:32936732-32936732 Homo sapiens chromosome 13, GRCh38.p14
        Primary Assembly

        C


        '
    headers: {}
    status:
      code: 200
      message: OK
- request:
    body: null
    headers: {}
    method: GET
    uri: http://localhost:5000/seqrepo/1/sequence/NC_000013.11?start=32936731&end=32936732
  response:
    body:
      string: C
    headers: {}
    status:
      code: 200
      message: OK
- request:
    body: null
    headers: {}
    method: GET
    uri: https://eutils.ncbi.nlm.nih.gov/entrez/eutils/efetch.fcgi?db=nucleotide&id=NC_000013.11&rettype=fasta&seq_start=32936732&seq_stop=32936732&tool=bioutils&email=biocommons-dev@googlegroups.com
  response:
    body:
      string: '>NC_000013.11:32936732-32936732 Homo sapiens chromosome 13, GRCh38.p14
        Primary Assembly

        C


        '
    headers: {}
    status:
      code: 200
      message: OK
- request:
    body: null
    headers: {}
    method: GET
    uri: http://localhost:5000/seqrepo/1/sequence/NC_000013.11?start=32936731&end=32936732
  response:
    body:
      string: C
    headers: {}
    status:
      code: 200
      message: OK
- request:
    body: null
    headers: {}
    method: GET
    uri: https://eutils.ncbi.nlm.nih.gov/entrez/eutils/efetch.fcgi?db=nucleotide&id=NC_000013.11&rettype=fasta&seq_start=32936732&seq_stop=32936732&tool=bioutils&email=biocommons-dev@googlegroups.com
  response:
    body:
      string: '>NC_000013.11:32936732-32936732 Homo sapiens chromosome 13, GRCh38.p14
        Primary Assembly

        C


        '
    headers: {}
    status:
      code: 200
      message: OK
- request:
    body: null
    headers: {}
    method: GET
    uri: http://localhost:5000/seqrepo/1/sequence/NC_000013.11?start=32936731&end=32936732
  response:
    body:
      string: C
    headers: {}
    status:
      code: 200
      message: OK
- request:
    body: null
    headers: {}
    method: GET
    uri: https://eutils.ncbi.nlm.nih.gov/entrez/eutils/efetch.fcgi?db=nucleotide&id=NC_000013.11&rettype=fasta&seq_start=32936732&seq_stop=32936732&tool=bioutils&email=biocommons-dev@googlegroups.com
  response:
    body:
      string: '>NC_000013.11:32936732-32936732 Homo sapiens chromosome 13, GRCh38.p14
        Primary Assembly

        C


        '
    headers: {}
    status:
      code: 200
      message: OK
- request:
    body: null
    headers: {}
    method: GET
    uri: http://localhost:5000/seqrepo/1/sequence/NC_000013.11?start=32936731&end=32936732
  response:
    body:
      string: C
    headers: {}
    status:
      code: 200
      message: OK
- request:
    body: null
    headers: {}
    method: GET
    uri: https://eutils.ncbi.nlm.nih.gov/entrez/eutils/efetch.fcgi?db=nucleotide&id=NC_000013.11&rettype=fasta&seq_start=32936732&seq_stop=32936732&tool=bioutils&email=biocommons-dev@googlegroups.com
  response:
    body:
      string: '>NC_000013.11:32936732-32936732 Homo sapiens chromosome 13, GRCh38.p14
        Primary Assembly

        C


        '
    headers: {}
    status:
      code: 200
      message: OK
- request:
    body: null
    headers: {}
    method: GET
    uri: http://localhost:5000/seqrepo/1/sequence/NC_000013.11?start=32936731&end=32936732
  response:
    body:
      string: C
    headers: {}
    status:
      code: 200
      message: OK
- request:
    body: null
    headers: {}
    method: GET
    uri: https://eutils.ncbi.nlm.nih.gov/entrez/eutils/efetch.fcgi?db=nucleotide&id=NC_000013.11&rettype=fasta&seq_start=32936732&seq_stop=32936732&tool=bioutils&email=biocommons-dev@googlegroups.com
  response:
    body:
      string: '>NC_000013.11:32936732-32936732 Homo sapiens chromosome 13, GRCh38.p14
        Primary Assembly

        C


        '
    headers: {}
    status:
      code: 200
      message: OK
- request:
    body: null
    headers: {}
    method: GET
    uri: http://localhost:5000/seqrepo/1/sequence/NC_000013.11?start=32936731&end=32936732
  response:
    body:
      string: C
    headers: {}
    status:
      code: 200
      message: OK
- request:
    body: null
    headers: {}
    method: GET
    uri: https://eutils.ncbi.nlm.nih.gov/entrez/eutils/efetch.fcgi?db=nucleotide&id=NC_000013.11&rettype=fasta&seq_start=32936732&seq_stop=32936732&tool=bioutils&email=biocommons-dev@googlegroups.com
  response:
    body:
      string: '>NC_000013.11:32936732-32936732 Homo sapiens chromosome 13, GRCh38.p14
        Primary Assembly

        C


        '
    headers: {}
    status:
      code: 200
      message: OK
- request:
    body: null
    headers: {}
    method: GET
    uri: http://localhost:5000/seqrepo/1/sequence/NC_000013.11?start=32936731&end=32936732
  response:
    body:
      string: C
    headers: {}
    status:
      code: 200
      message: OK
- request:
    body: null
    headers: {}
    method: GET
    uri: https://eutils.ncbi.nlm.nih.gov/entrez/eutils/efetch.fcgi?db=nucleotide&id=NC_000013.11&rettype=fasta&seq_start=32936732&seq_stop=32936732&tool=bioutils&email=biocommons-dev@googlegroups.com
  response:
    body:
      string: '>NC_000013.11:32936732-32936732 Homo sapiens chromosome 13, GRCh38.p14
        Primary Assembly

        C


        '
    headers: {}
    status:
      code: 200
      message: OK
- request:
    body: null
    headers: {}
    method: GET
    uri: http://localhost:5000/seqrepo/1/sequence/NC_000013.11?start=32936731&end=32936732
  response:
    body:
      string: C
    headers: {}
    status:
      code: 200
      message: OK
- request:
    body: null
    headers: {}
    method: GET
    uri: https://eutils.ncbi.nlm.nih.gov/entrez/eutils/efetch.fcgi?db=nucleotide&id=NC_000013.11&rettype=fasta&seq_start=32936732&seq_stop=32936732&tool=bioutils&email=biocommons-dev@googlegroups.com
  response:
    body:
      string: '>NC_000013.11:32936732-32936732 Homo sapiens chromosome 13, GRCh38.p14
        Primary Assembly

        C


        '
    headers: {}
    status:
      code: 200
      message: OK
- request:
    body: null
    headers: {}
    method: GET
    uri: http://localhost:5000/seqrepo/1/sequence/NC_000013.11?start=32936731&end=32936732
  response:
    body:
      string: C
    headers: {}
    status:
      code: 200
      message: OK
- request:
    body: null
    headers: {}
    method: GET
    uri: https://eutils.ncbi.nlm.nih.gov/entrez/eutils/efetch.fcgi?db=nucleotide&id=NC_000013.11&rettype=fasta&seq_start=32936732&seq_stop=32936732&tool=bioutils&email=biocommons-dev@googlegroups.com
  response:
    body:
      string: '>NC_000013.11:32936732-32936732 Homo sapiens chromosome 13, GRCh38.p14
        Primary Assembly

        C


        '
    headers: {}
    status:
      code: 200
      message: OK
- request:
    body: null
    headers: {}
    method: GET
    uri: http://localhost:5000/seqrepo/1/sequence/NC_000013.11?start=32936731&end=32936732
  response:
    body:
      string: C
    headers: {}
    status:
      code: 200
      message: OK
- request:
    body: null
    headers: {}
    method: GET
    uri: https://eutils.ncbi.nlm.nih.gov/entrez/eutils/efetch.fcgi?db=nucleotide&id=NC_000013.11&rettype=fasta&seq_start=32936732&seq_stop=32936732&tool=bioutils&email=biocommons-dev@googlegroups.com
  response:
    body:
      string: '>NC_000013.11:32936732-32936732 Homo sapiens chromosome 13, GRCh38.p14
        Primary Assembly

        C


        '
    headers: {}
    status:
      code: 200
      message: OK
- request:
    body: null
    headers: {}
    method: GET
    uri: http://localhost:5000/seqrepo/1/sequence/NC_000013.11?start=32936731&end=32936732
  response:
    body:
      string: C
    headers: {}
    status:
      code: 200
      message: OK
- request:
    body: null
    headers: {}
    method: GET
    uri: https://eutils.ncbi.nlm.nih.gov/entrez/eutils/efetch.fcgi?db=nucleotide&id=NC_000013.11&rettype=fasta&seq_start=32936732&seq_stop=32936732&tool=bioutils&email=biocommons-dev@googlegroups.com
  response:
    body:
      string: '>NC_000013.11:32936732-32936732 Homo sapiens chromosome 13, GRCh38.p14
        Primary Assembly

        C


        '
    headers: {}
    status:
      code: 200
      message: OK
- request:
    body: null
    headers: {}
    method: GET
    uri: http://localhost:5000/seqrepo/1/sequence/NC_000013.11?start=32936731&end=32936732
  response:
    body:
      string: C
    headers: {}
    status:
      code: 200
      message: OK
- request:
    body: null
    headers: {}
    method: GET
    uri: https://eutils.ncbi.nlm.nih.gov/entrez/eutils/efetch.fcgi?db=nucleotide&id=NC_000013.11&rettype=fasta&seq_start=32936732&seq_stop=32936732&tool=bioutils&email=biocommons-dev@googlegroups.com
  response:
    body:
      string: '>NC_000013.11:32936732-32936732 Homo sapiens chromosome 13, GRCh38.p14
        Primary Assembly

        C


        '
    headers: {}
    status:
      code: 200
      message: OK
- request:
    body: null
    headers: {}
    method: GET
    uri: http://localhost:5000/seqrepo/1/sequence/NC_000013.11?start=32936731&end=32936732
  response:
    body:
      string: C
    headers: {}
    status:
      code: 200
      message: OK
- request:
    body: null
    headers: {}
    method: GET
    uri: https://eutils.ncbi.nlm.nih.gov/entrez/eutils/efetch.fcgi?db=nucleotide&id=NC_000013.11&rettype=fasta&seq_start=32936732&seq_stop=32936732&tool=bioutils&email=biocommons-dev@googlegroups.com
  response:
    body:
      string: '>NC_000013.11:32936732-32936732 Homo sapiens chromosome 13, GRCh38.p14
        Primary Assembly

        C


        '
    headers: {}
    status:
      code: 200
      message: OK
- request:
    body: null
    headers: {}
    method: GET
    uri: http://localhost:5000/seqrepo/1/sequence/NC_000013.11?start=32936731&end=32936732
  response:
    body:
      string: C
    headers: {}
    status:
      code: 200
      message: OK
- request:
    body: null
    headers: {}
    method: GET
    uri: https://eutils.ncbi.nlm.nih.gov/entrez/eutils/efetch.fcgi?db=nucleotide&id=NC_000013.11&rettype=fasta&seq_start=32936732&seq_stop=32936732&tool=bioutils&email=biocommons-dev@googlegroups.com
  response:
    body:
      string: '>NC_000013.11:32936732-32936732 Homo sapiens chromosome 13, GRCh38.p14
        Primary Assembly

        C


        '
    headers: {}
    status:
      code: 200
      message: OK
- request:
    body: null
    headers: {}
    method: GET
    uri: http://localhost:5000/seqrepo/1/sequence/NC_000013.11?start=32936731&end=32936732
  response:
    body:
      string: C
    headers: {}
    status:
      code: 200
      message: OK
- request:
    body: null
    headers: {}
    method: GET
    uri: https://eutils.ncbi.nlm.nih.gov/entrez/eutils/efetch.fcgi?db=nucleotide&id=NC_000013.11&rettype=fasta&seq_start=32936732&seq_stop=32936732&tool=bioutils&email=biocommons-dev@googlegroups.com
  response:
    body:
      string: '>NC_000013.11:32936732-32936732 Homo sapiens chromosome 13, GRCh38.p14
        Primary Assembly

        C


        '
    headers: {}
    status:
      code: 200
      message: OK
- request:
    body: null
    headers: {}
    method: GET
    uri: http://localhost:5000/seqrepo/1/sequence/NC_000013.11?start=32936731&end=32936732
  response:
    body:
      string: C
    headers: {}
    status:
      code: 200
      message: OK
- request:
    body: null
    headers: {}
    method: GET
    uri: https://eutils.ncbi.nlm.nih.gov/entrez/eutils/efetch.fcgi?db=nucleotide&id=NC_000013.11&rettype=fasta&seq_start=32936732&seq_stop=32936732&tool=bioutils&email=biocommons-dev@googlegroups.com
  response:
    body:
      string: '>NC_000013.11:32936732-32936732 Homo sapiens chromosome 13, GRCh38.p14
        Primary Assembly

        C


        '
    headers: {}
    status:
      code: 200
      message: OK
version: 1
