interactions:
- request:
    body: null
    headers:
      Accept:
      - '*/*'
      Accept-Encoding:
      - gzip, deflate
      Connection:
      - keep-alive
      User-Agent:
      - python-requests/2.32.5
    method: GET
    uri: http://localhost:5000/seqrepo/1/sequence/NC_000013.11?start=32331042&end=32331094
  response:
    body:
      string: TTTAGTTGAACTACAGGTTTTTTTGTTGTTGTTGTTTTGATTTTTTTTTTTT
    headers:
      Connection:
      - close
      Content-Length:
      - '52'
      Content-Type:
      - text/plain; charset=utf-8
      Date:
      - Thu, 13 Nov 2025 17:07:44 GMT
      Server:
      - Werkzeug/2.2.3 Python/3.10.12
    status:
      code: 200
      message: OK
- request:
    body: null
    headers:
      Accept:
      - '*/*'
      Accept-Encoding:
      - gzip, deflate
      Connection:
      - keep-alive
      User-Agent:
      - python-requests/2.32.5
    method: GET
    uri: http://localhost:5000/seqrepo/1/sequence/ga4gh:SQ._0wi-qoDrvram155UmcSC-zA5ZK4fpLT?start=32331042&end=32331094
  response:
    body:
      string: TTTAGTTGAACTACAGGTTTTTTTGTTGTTGTTGTTTTGATTTTTTTTTTTT
    headers:
      Connection:
      - close
      Content-Length:
      - '52'
      Content-Type:
      - text/plain; charset=utf-8
      Date:
      - Thu, 13 Nov 2025 17:07:44 GMT
      Server:
      - Werkzeug/2.2.3 Python/3.10.12
    status:
      code: 200
      message: OK
- request:
    body: null
    headers:
      Accept:
      - '*/*'
      Accept-Encoding:
      - gzip, deflate
      Connection:
      - keep-alive
      User-Agent:
      - python-requests/2.32.5
    method: GET
    uri: http://localhost:5000/seqrepo/1/sequence/ga4gh:SQ._0wi-qoDrvram155UmcSC-zA5ZK4fpLT?start=32331080&end=32331081
  response:
    body:
      string: G
    headers:
      Connection:
      - close
      Content-Length:
      - '1'
      Content-Type:
      - text/plain; charset=utf-8
      Date:
      - Thu, 13 Nov 2025 17:07:44 GMT
      Server:
      - Werkzeug/2.2.3 Python/3.10.12
    status:
      code: 200
      message: OK
- request:
    body: null
    headers:
      Accept:
      - '*/*'
      Accept-Encoding:
      - gzip, deflate
      Connection:
      - keep-alive
      User-Agent:
      - python-requests/2.32.5
    method: GET
    uri: http://localhost:5000/seqrepo/1/sequence/ga4gh:SQ._0wi-qoDrvram155UmcSC-zA5ZK4fpLT?start=32331079&end=32331080
  response:
    body:
      string: T
    headers:
      Connection:
      - close
      Content-Length:
      - '1'
      Content-Type:
      - text/plain; charset=utf-8
      Date:
      - Thu, 13 Nov 2025 17:07:44 GMT
      Server:
      - Werkzeug/2.2.3 Python/3.10.12
    status:
      code: 200
      message: OK
- request:
    body: null
    headers:
      Accept:
      - '*/*'
      Accept-Encoding:
      - gzip, deflate
      Connection:
      - keep-alive
      User-Agent:
      - python-requests/2.32.5
    method: GET
    uri: http://localhost:5000/seqrepo/1/sequence/ga4gh:SQ._0wi-qoDrvram155UmcSC-zA5ZK4fpLT?start=32331078&end=32331079
  response:
    body:
      string: T
    headers:
      Connection:
      - close
      Content-Length:
      - '1'
      Content-Type:
      - text/plain; charset=utf-8
      Date:
      - Thu, 13 Nov 2025 17:07:44 GMT
      Server:
      - Werkzeug/2.2.3 Python/3.10.12
    status:
      code: 200
      message: OK
- request:
    body: null
    headers:
      Accept:
      - '*/*'
      Accept-Encoding:
      - gzip, deflate
      Connection:
      - keep-alive
      User-Agent:
      - python-requests/2.32.5
    method: GET
    uri: http://localhost:5000/seqrepo/1/sequence/ga4gh:SQ._0wi-qoDrvram155UmcSC-zA5ZK4fpLT?start=32331077&end=32331078
  response:
    body:
      string: T
    headers:
      Connection:
      - close
      Content-Length:
      - '1'
      Content-Type:
      - text/plain; charset=utf-8
      Date:
      - Thu, 13 Nov 2025 17:07:44 GMT
      Server:
      - Werkzeug/2.2.3 Python/3.10.12
    status:
      code: 200
      message: OK
- request:
    body: null
    headers:
      Accept:
      - '*/*'
      Accept-Encoding:
      - gzip, deflate
      Connection:
      - keep-alive
      User-Agent:
      - python-requests/2.32.5
    method: GET
    uri: http://localhost:5000/seqrepo/1/sequence/ga4gh:SQ._0wi-qoDrvram155UmcSC-zA5ZK4fpLT?start=32331076&end=32331077
  response:
    body:
      string: T
    headers:
      Connection:
      - close
      Content-Length:
      - '1'
      Content-Type:
      - text/plain; charset=utf-8
      Date:
      - Thu, 13 Nov 2025 17:07:44 GMT
      Server:
      - Werkzeug/2.2.3 Python/3.10.12
    status:
      code: 200
      message: OK
- request:
    body: null
    headers:
      Accept:
      - '*/*'
      Accept-Encoding:
      - gzip, deflate
      Connection:
      - keep-alive
      User-Agent:
      - python-requests/2.32.5
    method: GET
    uri: http://localhost:5000/seqrepo/1/sequence/ga4gh:SQ._0wi-qoDrvram155UmcSC-zA5ZK4fpLT?start=32331075&end=32331076
  response:
    body:
      string: G
    headers:
      Connection:
      - close
      Content-Length:
      - '1'
      Content-Type:
      - text/plain; charset=utf-8
      Date:
      - Thu, 13 Nov 2025 17:07:44 GMT
      Server:
      - Werkzeug/2.2.3 Python/3.10.12
    status:
      code: 200
      message: OK
- request:
    body: null
    headers:
      Accept:
      - '*/*'
      Accept-Encoding:
      - gzip, deflate
      Connection:
      - keep-alive
      User-Agent:
      - python-requests/2.32.5
    method: GET
    uri: http://localhost:5000/seqrepo/1/sequence/ga4gh:SQ._0wi-qoDrvram155UmcSC-zA5ZK4fpLT?start=32331074&end=32331075
  response:
    body:
      string: T
    headers:
      Connection:
      - close
      Content-Length:
      - '1'
      Content-Type:
      - text/plain; charset=utf-8
      Date:
      - Thu, 13 Nov 2025 17:07:44 GMT
      Server:
      - Werkzeug/2.2.3 Python/3.10.12
    status:
      code: 200
      message: OK
- request:
    body: null
    headers:
      Accept:
      - '*/*'
      Accept-Encoding:
      - gzip, deflate
      Connection:
      - keep-alive
      User-Agent:
      - python-requests/2.32.5
    method: GET
    uri: http://localhost:5000/seqrepo/1/sequence/ga4gh:SQ._0wi-qoDrvram155UmcSC-zA5ZK4fpLT?start=32331073&end=32331074
  response:
    body:
      string: T
    headers:
      Connection:
      - close
      Content-Length:
      - '1'
      Content-Type:
      - text/plain; charset=utf-8
      Date:
      - Thu, 13 Nov 2025 17:07:44 GMT
      Server:
      - Werkzeug/2.2.3 Python/3.10.12
    status:
      code: 200
      message: OK
- request:
    body: null
    headers:
      Accept:
      - '*/*'
      Accept-Encoding:
      - gzip, deflate
      Connection:
      - keep-alive
      User-Agent:
      - python-requests/2.32.5
    method: GET
    uri: http://localhost:5000/seqrepo/1/sequence/ga4gh:SQ._0wi-qoDrvram155UmcSC-zA5ZK4fpLT?start=32331072&end=32331073
  response:
    body:
      string: G
    headers:
      Connection:
      - close
      Content-Length:
      - '1'
      Content-Type:
      - text/plain; charset=utf-8
      Date:
      - Thu, 13 Nov 2025 17:07:44 GMT
      Server:
      - Werkzeug/2.2.3 Python/3.10.12
    status:
      code: 200
      message: OK
- request:
    body: null
    headers:
      Accept:
      - '*/*'
      Accept-Encoding:
      - gzip, deflate
      Connection:
      - keep-alive
      User-Agent:
      - python-requests/2.32.5
    method: GET
    uri: http://localhost:5000/seqrepo/1/sequence/ga4gh:SQ._0wi-qoDrvram155UmcSC-zA5ZK4fpLT?start=32331071&end=32331072
  response:
    body:
      string: T
    headers:
      Connection:
      - close
      Content-Length:
      - '1'
      Content-Type:
      - text/plain; charset=utf-8
      Date:
      - Thu, 13 Nov 2025 17:07:44 GMT
      Server:
      - Werkzeug/2.2.3 Python/3.10.12
    status:
      code: 200
      message: OK
- request:
    body: null
    headers:
      Accept:
      - '*/*'
      Accept-Encoding:
      - gzip, deflate
      Connection:
      - keep-alive
      User-Agent:
      - python-requests/2.32.5
    method: GET
    uri: http://localhost:5000/seqrepo/1/sequence/ga4gh:SQ._0wi-qoDrvram155UmcSC-zA5ZK4fpLT?start=32331070&end=32331071
  response:
    body:
      string: T
    headers:
      Connection:
      - close
      Content-Length:
      - '1'
      Content-Type:
      - text/plain; charset=utf-8
      Date:
      - Thu, 13 Nov 2025 17:07:44 GMT
      Server:
      - Werkzeug/2.2.3 Python/3.10.12
    status:
      code: 200
      message: OK
- request:
    body: null
    headers:
      Accept:
      - '*/*'
      Accept-Encoding:
      - gzip, deflate
      Connection:
      - keep-alive
      User-Agent:
      - python-requests/2.32.5
    method: GET
    uri: http://localhost:5000/seqrepo/1/sequence/ga4gh:SQ._0wi-qoDrvram155UmcSC-zA5ZK4fpLT?start=32331069&end=32331070
  response:
    body:
      string: G
    headers:
      Connection:
      - close
      Content-Length:
      - '1'
      Content-Type:
      - text/plain; charset=utf-8
      Date:
      - Thu, 13 Nov 2025 17:07:44 GMT
      Server:
      - Werkzeug/2.2.3 Python/3.10.12
    status:
      code: 200
      message: OK
- request:
    body: null
    headers:
      Accept:
      - '*/*'
      Accept-Encoding:
      - gzip, deflate
      Connection:
      - keep-alive
      User-Agent:
      - python-requests/2.32.5
    method: GET
    uri: http://localhost:5000/seqrepo/1/sequence/ga4gh:SQ._0wi-qoDrvram155UmcSC-zA5ZK4fpLT?start=32331068&end=32331069
  response:
    body:
      string: T
    headers:
      Connection:
      - close
      Content-Length:
      - '1'
      Content-Type:
      - text/plain; charset=utf-8
      Date:
      - Thu, 13 Nov 2025 17:07:44 GMT
      Server:
      - Werkzeug/2.2.3 Python/3.10.12
    status:
      code: 200
      message: OK
- request:
    body: null
    headers:
      Accept:
      - '*/*'
      Accept-Encoding:
      - gzip, deflate
      Connection:
      - keep-alive
      User-Agent:
      - python-requests/2.32.5
    method: GET
    uri: http://localhost:5000/seqrepo/1/sequence/ga4gh:SQ._0wi-qoDrvram155UmcSC-zA5ZK4fpLT?start=32331067&end=32331068
  response:
    body:
      string: T
    headers:
      Connection:
      - close
      Content-Length:
      - '1'
      Content-Type:
      - text/plain; charset=utf-8
      Date:
      - Thu, 13 Nov 2025 17:07:44 GMT
      Server:
      - Werkzeug/2.2.3 Python/3.10.12
    status:
      code: 200
      message: OK
- request:
    body: null
    headers:
      Accept:
      - '*/*'
      Accept-Encoding:
      - gzip, deflate
      Connection:
      - keep-alive
      User-Agent:
      - python-requests/2.32.5
    method: GET
    uri: http://localhost:5000/seqrepo/1/sequence/ga4gh:SQ._0wi-qoDrvram155UmcSC-zA5ZK4fpLT?start=32331066&end=32331067
  response:
    body:
      string: G
    headers:
      Connection:
      - close
      Content-Length:
      - '1'
      Content-Type:
      - text/plain; charset=utf-8
      Date:
      - Thu, 13 Nov 2025 17:07:44 GMT
      Server:
      - Werkzeug/2.2.3 Python/3.10.12
    status:
      code: 200
      message: OK
- request:
    body: null
    headers:
      Accept:
      - '*/*'
      Accept-Encoding:
      - gzip, deflate
      Connection:
      - keep-alive
      User-Agent:
      - python-requests/2.32.5
    method: GET
    uri: http://localhost:5000/seqrepo/1/sequence/ga4gh:SQ._0wi-qoDrvram155UmcSC-zA5ZK4fpLT?start=32331065&end=32331066
  response:
    body:
      string: T
    headers:
      Connection:
      - close
      Content-Length:
      - '1'
      Content-Type:
      - text/plain; charset=utf-8
      Date:
      - Thu, 13 Nov 2025 17:07:44 GMT
      Server:
      - Werkzeug/2.2.3 Python/3.10.12
    status:
      code: 200
      message: OK
- request:
    body: null
    headers:
      Accept:
      - '*/*'
      Accept-Encoding:
      - gzip, deflate
      Connection:
      - keep-alive
      User-Agent:
      - python-requests/2.32.5
    method: GET
    uri: http://localhost:5000/seqrepo/1/sequence/ga4gh:SQ._0wi-qoDrvram155UmcSC-zA5ZK4fpLT?start=32331064&end=32331065
  response:
    body:
      string: T
    headers:
      Connection:
      - close
      Content-Length:
      - '1'
      Content-Type:
      - text/plain; charset=utf-8
      Date:
      - Thu, 13 Nov 2025 17:07:44 GMT
      Server:
      - Werkzeug/2.2.3 Python/3.10.12
    status:
      code: 200
      message: OK
- request:
    body: null
    headers:
      Accept:
      - '*/*'
      Accept-Encoding:
      - gzip, deflate
      Connection:
      - keep-alive
      User-Agent:
      - python-requests/2.32.5
    method: GET
    uri: http://localhost:5000/seqrepo/1/sequence/ga4gh:SQ._0wi-qoDrvram155UmcSC-zA5ZK4fpLT?start=32331063&end=32331064
  response:
    body:
      string: T
    headers:
      Connection:
      - close
      Content-Length:
      - '1'
      Content-Type:
      - text/plain; charset=utf-8
      Date:
      - Thu, 13 Nov 2025 17:07:44 GMT
      Server:
      - Werkzeug/2.2.3 Python/3.10.12
    status:
      code: 200
      message: OK
- request:
    body: null
    headers:
      Accept:
      - '*/*'
      Accept-Encoding:
      - gzip, deflate
      Connection:
      - keep-alive
      User-Agent:
      - python-requests/2.32.5
    method: GET
    uri: http://localhost:5000/seqrepo/1/sequence/ga4gh:SQ._0wi-qoDrvram155UmcSC-zA5ZK4fpLT?start=32331062&end=32331063
  response:
    body:
      string: T
    headers:
      Connection:
      - close
      Content-Length:
      - '1'
      Content-Type:
      - text/plain; charset=utf-8
      Date:
      - Thu, 13 Nov 2025 17:07:44 GMT
      Server:
      - Werkzeug/2.2.3 Python/3.10.12
    status:
      code: 200
      message: OK
- request:
    body: null
    headers:
      Accept:
      - '*/*'
      Accept-Encoding:
      - gzip, deflate
      Connection:
      - keep-alive
      User-Agent:
      - python-requests/2.32.5
    method: GET
    uri: http://localhost:5000/seqrepo/1/sequence/ga4gh:SQ._0wi-qoDrvram155UmcSC-zA5ZK4fpLT?start=32331061&end=32331062
  response:
    body:
      string: T
    headers:
      Connection:
      - close
      Content-Length:
      - '1'
      Content-Type:
      - text/plain; charset=utf-8
      Date:
      - Thu, 13 Nov 2025 17:07:44 GMT
      Server:
      - Werkzeug/2.2.3 Python/3.10.12
    status:
      code: 200
      message: OK
- request:
    body: null
    headers:
      Accept:
      - '*/*'
      Accept-Encoding:
      - gzip, deflate
      Connection:
      - keep-alive
      User-Agent:
      - python-requests/2.32.5
    method: GET
    uri: http://localhost:5000/seqrepo/1/sequence/ga4gh:SQ._0wi-qoDrvram155UmcSC-zA5ZK4fpLT?start=32331060&end=32331061
  response:
    body:
      string: T
    headers:
      Connection:
      - close
      Content-Length:
      - '1'
      Content-Type:
      - text/plain; charset=utf-8
      Date:
      - Thu, 13 Nov 2025 17:07:44 GMT
      Server:
      - Werkzeug/2.2.3 Python/3.10.12
    status:
      code: 200
      message: OK
- request:
    body: null
    headers:
      Accept:
      - '*/*'
      Accept-Encoding:
      - gzip, deflate
      Connection:
      - keep-alive
      User-Agent:
      - python-requests/2.32.5
    method: GET
    uri: http://localhost:5000/seqrepo/1/sequence/ga4gh:SQ._0wi-qoDrvram155UmcSC-zA5ZK4fpLT?start=32331059&end=32331060
  response:
    body:
      string: T
    headers:
      Connection:
      - close
      Content-Length:
      - '1'
      Content-Type:
      - text/plain; charset=utf-8
      Date:
      - Thu, 13 Nov 2025 17:07:44 GMT
      Server:
      - Werkzeug/2.2.3 Python/3.10.12
    status:
      code: 200
      message: OK
- request:
    body: null
    headers:
      Accept:
      - '*/*'
      Accept-Encoding:
      - gzip, deflate
      Connection:
      - keep-alive
      User-Agent:
      - python-requests/2.32.5
    method: GET
    uri: http://localhost:5000/seqrepo/1/sequence/ga4gh:SQ._0wi-qoDrvram155UmcSC-zA5ZK4fpLT?start=32331058&end=32331059
  response:
    body:
      string: G
    headers:
      Connection:
      - close
      Content-Length:
      - '1'
      Content-Type:
      - text/plain; charset=utf-8
      Date:
      - Thu, 13 Nov 2025 17:07:44 GMT
      Server:
      - Werkzeug/2.2.3 Python/3.10.12
    status:
      code: 200
      message: OK
- request:
    body: null
    headers:
      Accept:
      - '*/*'
      Accept-Encoding:
      - gzip, deflate
      Connection:
      - keep-alive
      User-Agent:
      - python-requests/2.32.5
    method: GET
    uri: http://localhost:5000/seqrepo/1/sequence/ga4gh:SQ._0wi-qoDrvram155UmcSC-zA5ZK4fpLT?start=32331057&end=32331058
  response:
    body:
      string: G
    headers:
      Connection:
      - close
      Content-Length:
      - '1'
      Content-Type:
      - text/plain; charset=utf-8
      Date:
      - Thu, 13 Nov 2025 17:07:44 GMT
      Server:
      - Werkzeug/2.2.3 Python/3.10.12
    status:
      code: 200
      message: OK
- request:
    body: null
    headers:
      Accept:
      - '*/*'
      Accept-Encoding:
      - gzip, deflate
      Connection:
      - keep-alive
      User-Agent:
      - python-requests/2.32.5
    method: GET
    uri: http://localhost:5000/seqrepo/1/sequence/ga4gh:SQ._0wi-qoDrvram155UmcSC-zA5ZK4fpLT?start=32331056&end=32331057
  response:
    body:
      string: A
    headers:
      Connection:
      - close
      Content-Length:
      - '1'
      Content-Type:
      - text/plain; charset=utf-8
      Date:
      - Thu, 13 Nov 2025 17:07:44 GMT
      Server:
      - Werkzeug/2.2.3 Python/3.10.12
    status:
      code: 200
      message: OK
- request:
    body: null
    headers:
      Accept:
      - '*/*'
      Accept-Encoding:
      - gzip, deflate
      Connection:
      - keep-alive
      User-Agent:
      - python-requests/2.32.5
    method: GET
    uri: http://localhost:5000/seqrepo/1/sequence/ga4gh:SQ._0wi-qoDrvram155UmcSC-zA5ZK4fpLT?start=32331055&end=32331056
  response:
    body:
      string: C
    headers:
      Connection:
      - close
      Content-Length:
      - '1'
      Content-Type:
      - text/plain; charset=utf-8
      Date:
      - Thu, 13 Nov 2025 17:07:45 GMT
      Server:
      - Werkzeug/2.2.3 Python/3.10.12
    status:
      code: 200
      message: OK
- request:
    body: null
    headers:
      Accept:
      - '*/*'
      Accept-Encoding:
      - gzip, deflate
      Connection:
      - keep-alive
      User-Agent:
      - python-requests/2.32.5
    method: GET
    uri: http://localhost:5000/seqrepo/1/sequence/ga4gh:SQ._0wi-qoDrvram155UmcSC-zA5ZK4fpLT?start=32331054&end=32331055
  response:
    body:
      string: A
    headers:
      Connection:
      - close
      Content-Length:
      - '1'
      Content-Type:
      - text/plain; charset=utf-8
      Date:
      - Thu, 13 Nov 2025 17:07:45 GMT
      Server:
      - Werkzeug/2.2.3 Python/3.10.12
    status:
      code: 200
      message: OK
- request:
    body: null
    headers:
      Accept:
      - '*/*'
      Accept-Encoding:
      - gzip, deflate
      Connection:
      - keep-alive
      User-Agent:
      - python-requests/2.32.5
    method: GET
    uri: http://localhost:5000/seqrepo/1/sequence/ga4gh:SQ._0wi-qoDrvram155UmcSC-zA5ZK4fpLT?start=32331053&end=32331054
  response:
    body:
      string: T
    headers:
      Connection:
      - close
      Content-Length:
      - '1'
      Content-Type:
      - text/plain; charset=utf-8
      Date:
      - Thu, 13 Nov 2025 17:07:45 GMT
      Server:
      - Werkzeug/2.2.3 Python/3.10.12
    status:
      code: 200
      message: OK
- request:
    body: null
    headers:
      Accept:
      - '*/*'
      Accept-Encoding:
      - gzip, deflate
      Connection:
      - keep-alive
      User-Agent:
      - python-requests/2.32.5
    method: GET
    uri: http://localhost:5000/seqrepo/1/sequence/ga4gh:SQ._0wi-qoDrvram155UmcSC-zA5ZK4fpLT?start=32331052&end=32331053
  response:
    body:
      string: C
    headers:
      Connection:
      - close
      Content-Length:
      - '1'
      Content-Type:
      - text/plain; charset=utf-8
      Date:
      - Thu, 13 Nov 2025 17:07:45 GMT
      Server:
      - Werkzeug/2.2.3 Python/3.10.12
    status:
      code: 200
      message: OK
- request:
    body: null
    headers:
      Accept:
      - '*/*'
      Accept-Encoding:
      - gzip, deflate
      Connection:
      - keep-alive
      User-Agent:
      - python-requests/2.32.5
    method: GET
    uri: http://localhost:5000/seqrepo/1/sequence/ga4gh:SQ._0wi-qoDrvram155UmcSC-zA5ZK4fpLT?start=32331051&end=32331052
  response:
    body:
      string: A
    headers:
      Connection:
      - close
      Content-Length:
      - '1'
      Content-Type:
      - text/plain; charset=utf-8
      Date:
      - Thu, 13 Nov 2025 17:07:45 GMT
      Server:
      - Werkzeug/2.2.3 Python/3.10.12
    status:
      code: 200
      message: OK
- request:
    body: null
    headers:
      Accept:
      - '*/*'
      Accept-Encoding:
      - gzip, deflate
      Connection:
      - keep-alive
      User-Agent:
      - python-requests/2.32.5
    method: GET
    uri: http://localhost:5000/seqrepo/1/sequence/ga4gh:SQ._0wi-qoDrvram155UmcSC-zA5ZK4fpLT?start=32331050&end=32331051
  response:
    body:
      string: A
    headers:
      Connection:
      - close
      Content-Length:
      - '1'
      Content-Type:
      - text/plain; charset=utf-8
      Date:
      - Thu, 13 Nov 2025 17:07:45 GMT
      Server:
      - Werkzeug/2.2.3 Python/3.10.12
    status:
      code: 200
      message: OK
- request:
    body: null
    headers:
      Accept:
      - '*/*'
      Accept-Encoding:
      - gzip, deflate
      Connection:
      - keep-alive
      User-Agent:
      - python-requests/2.32.5
    method: GET
    uri: http://localhost:5000/seqrepo/1/sequence/ga4gh:SQ._0wi-qoDrvram155UmcSC-zA5ZK4fpLT?start=32331049&end=32331050
  response:
    body:
      string: G
    headers:
      Connection:
      - close
      Content-Length:
      - '1'
      Content-Type:
      - text/plain; charset=utf-8
      Date:
      - Thu, 13 Nov 2025 17:07:45 GMT
      Server:
      - Werkzeug/2.2.3 Python/3.10.12
    status:
      code: 200
      message: OK
- request:
    body: null
    headers:
      Accept:
      - '*/*'
      Accept-Encoding:
      - gzip, deflate
      Connection:
      - keep-alive
      User-Agent:
      - python-requests/2.32.5
    method: GET
    uri: http://localhost:5000/seqrepo/1/sequence/ga4gh:SQ._0wi-qoDrvram155UmcSC-zA5ZK4fpLT?start=32331048&end=32331049
  response:
    body:
      string: T
    headers:
      Connection:
      - close
      Content-Length:
      - '1'
      Content-Type:
      - text/plain; charset=utf-8
      Date:
      - Thu, 13 Nov 2025 17:07:45 GMT
      Server:
      - Werkzeug/2.2.3 Python/3.10.12
    status:
      code: 200
      message: OK
- request:
    body: null
    headers:
      Accept:
      - '*/*'
      Accept-Encoding:
      - gzip, deflate
      Connection:
      - keep-alive
      User-Agent:
      - python-requests/2.32.5
    method: GET
    uri: http://localhost:5000/seqrepo/1/sequence/ga4gh:SQ._0wi-qoDrvram155UmcSC-zA5ZK4fpLT?start=32331047&end=32331048
  response:
    body:
      string: T
    headers:
      Connection:
      - close
      Content-Length:
      - '1'
      Content-Type:
      - text/plain; charset=utf-8
      Date:
      - Thu, 13 Nov 2025 17:07:45 GMT
      Server:
      - Werkzeug/2.2.3 Python/3.10.12
    status:
      code: 200
      message: OK
- request:
    body: null
    headers:
      Accept:
      - '*/*'
      Accept-Encoding:
      - gzip, deflate
      Connection:
      - keep-alive
      User-Agent:
      - python-requests/2.32.5
    method: GET
    uri: http://localhost:5000/seqrepo/1/sequence/ga4gh:SQ._0wi-qoDrvram155UmcSC-zA5ZK4fpLT?start=32331046&end=32331047
  response:
    body:
      string: G
    headers:
      Connection:
      - close
      Content-Length:
      - '1'
      Content-Type:
      - text/plain; charset=utf-8
      Date:
      - Thu, 13 Nov 2025 17:07:45 GMT
      Server:
      - Werkzeug/2.2.3 Python/3.10.12
    status:
      code: 200
      message: OK
- request:
    body: null
    headers:
      Accept:
      - '*/*'
      Accept-Encoding:
      - gzip, deflate
      Connection:
      - keep-alive
      User-Agent:
      - python-requests/2.32.5
    method: GET
    uri: http://localhost:5000/seqrepo/1/sequence/ga4gh:SQ._0wi-qoDrvram155UmcSC-zA5ZK4fpLT?start=32331045&end=32331046
  response:
    body:
      string: A
    headers:
      Connection:
      - close
      Content-Length:
      - '1'
      Content-Type:
      - text/plain; charset=utf-8
      Date:
      - Thu, 13 Nov 2025 17:07:45 GMT
      Server:
      - Werkzeug/2.2.3 Python/3.10.12
    status:
      code: 200
      message: OK
- request:
    body: null
    headers:
      Accept:
      - '*/*'
      Accept-Encoding:
      - gzip, deflate
      Connection:
      - keep-alive
      User-Agent:
      - python-requests/2.32.5
    method: GET
    uri: http://localhost:5000/seqrepo/1/sequence/ga4gh:SQ._0wi-qoDrvram155UmcSC-zA5ZK4fpLT?start=32331044&end=32331045
  response:
    body:
      string: T
    headers:
      Connection:
      - close
      Content-Length:
      - '1'
      Content-Type:
      - text/plain; charset=utf-8
      Date:
      - Thu, 13 Nov 2025 17:07:45 GMT
      Server:
      - Werkzeug/2.2.3 Python/3.10.12
    status:
      code: 200
      message: OK
- request:
    body: null
    headers:
      Accept:
      - '*/*'
      Accept-Encoding:
      - gzip, deflate
      Connection:
      - keep-alive
      User-Agent:
      - python-requests/2.32.5
    method: GET
    uri: http://localhost:5000/seqrepo/1/sequence/ga4gh:SQ._0wi-qoDrvram155UmcSC-zA5ZK4fpLT?start=32331043&end=32331044
  response:
    body:
      string: T
    headers:
      Connection:
      - close
      Content-Length:
      - '1'
      Content-Type:
      - text/plain; charset=utf-8
      Date:
      - Thu, 13 Nov 2025 17:07:45 GMT
      Server:
      - Werkzeug/2.2.3 Python/3.10.12
    status:
      code: 200
      message: OK
- request:
    body: null
    headers:
      Accept:
      - '*/*'
      Accept-Encoding:
      - gzip, deflate
      Connection:
      - keep-alive
      User-Agent:
      - python-requests/2.32.5
    method: GET
    uri: http://localhost:5000/seqrepo/1/sequence/ga4gh:SQ._0wi-qoDrvram155UmcSC-zA5ZK4fpLT?start=32331042&end=32331043
  response:
    body:
      string: T
    headers:
      Connection:
      - close
      Content-Length:
      - '1'
      Content-Type:
      - text/plain; charset=utf-8
      Date:
      - Thu, 13 Nov 2025 17:07:45 GMT
      Server:
      - Werkzeug/2.2.3 Python/3.10.12
    status:
      code: 200
      message: OK
- request:
    body: null
    headers:
      Accept:
      - '*/*'
      Accept-Encoding:
      - gzip, deflate
      Connection:
      - keep-alive
      User-Agent:
      - python-requests/2.32.5
    method: GET
    uri: http://localhost:5000/seqrepo/1/sequence/ga4gh:SQ._0wi-qoDrvram155UmcSC-zA5ZK4fpLT?start=32331041&end=32331042
  response:
    body:
      string: G
    headers:
      Connection:
      - close
      Content-Length:
      - '1'
      Content-Type:
      - text/plain; charset=utf-8
      Date:
      - Thu, 13 Nov 2025 17:07:45 GMT
      Server:
      - Werkzeug/2.2.3 Python/3.10.12
    status:
      code: 200
      message: OK
version: 1
