interactions:
- request:
    body: null
    headers:
      Accept:
      - '*/*'
      Accept-Encoding:
      - gzip, deflate
      Connection:
      - keep-alive
      User-Agent:
      - python-requests/2.32.5
    method: GET
    uri: http://localhost:5000/seqrepo/1/sequence/ga4gh:SQ.Ya6Rs7DHhDeg7YaOSg1EoNi3U_nQ9SvO?start=66926&end=66927
  response:
    body:
      string: G
    headers:
      Connection:
      - close
      Content-Length:
      - '1'
      Content-Type:
      - text/plain; charset=utf-8
      Date:
      - Thu, 13 Nov 2025 16:35:22 GMT
      Server:
      - Werkzeug/2.2.3 Python/3.10.12
    status:
      code: 200
      message: OK
- request:
    body: null
    headers:
      Accept:
      - '*/*'
      Accept-Encoding:
      - gzip, deflate
      Connection:
      - keep-alive
      User-Agent:
      - python-requests/2.32.5
    method: GET
    uri: http://localhost:5000/seqrepo/1/sequence/ga4gh:SQ.Ya6Rs7DHhDeg7YaOSg1EoNi3U_nQ9SvO?start=66925&end=66926
  response:
    body:
      string: A
    headers:
      Connection:
      - close
      Content-Length:
      - '1'
      Content-Type:
      - text/plain; charset=utf-8
      Date:
      - Thu, 13 Nov 2025 16:35:22 GMT
      Server:
      - Werkzeug/2.2.3 Python/3.10.12
    status:
      code: 200
      message: OK
- request:
    body: null
    headers:
      Accept:
      - '*/*'
      Accept-Encoding:
      - gzip, deflate
      Connection:
      - keep-alive
      User-Agent:
      - python-requests/2.32.5
    method: GET
    uri: http://localhost:5000/seqrepo/1/sequence/ga4gh:SQ.Ya6Rs7DHhDeg7YaOSg1EoNi3U_nQ9SvO?start=66927&end=66928
  response:
    body:
      string: A
    headers:
      Connection:
      - close
      Content-Length:
      - '1'
      Content-Type:
      - text/plain; charset=utf-8
      Date:
      - Thu, 13 Nov 2025 16:35:22 GMT
      Server:
      - Werkzeug/2.2.3 Python/3.10.12
    status:
      code: 200
      message: OK
- request:
    body: null
    headers:
      Accept:
      - '*/*'
      Accept-Encoding:
      - gzip, deflate
      Connection:
      - keep-alive
      User-Agent:
      - python-requests/2.32.5
    method: GET
    uri: http://localhost:5000/seqrepo/1/sequence/ga4gh:SQ.Ya6Rs7DHhDeg7YaOSg1EoNi3U_nQ9SvO?start=66926&end=66926
  response:
    body:
      string: ''
    headers:
      Connection:
      - close
      Content-Length:
      - '0'
      Content-Type:
      - text/plain; charset=utf-8
      Date:
      - Thu, 13 Nov 2025 16:35:22 GMT
      Server:
      - Werkzeug/2.2.3 Python/3.10.12
    status:
      code: 200
      message: OK
- request:
    body: null
    headers:
      Accept:
      - '*/*'
      Accept-Encoding:
      - gzip, deflate
      Connection:
      - keep-alive
      User-Agent:
      - python-requests/2.32.5
    method: GET
    uri: http://localhost:5000/seqrepo/1/sequence/ga4gh:SQ.Ya6Rs7DHhDeg7YaOSg1EoNi3U_nQ9SvO?start=66927&end=66927
  response:
    body:
      string: ''
    headers:
      Connection:
      - close
      Content-Length:
      - '0'
      Content-Type:
      - text/plain; charset=utf-8
      Date:
      - Thu, 13 Nov 2025 16:35:22 GMT
      Server:
      - Werkzeug/2.2.3 Python/3.10.12
    status:
      code: 200
      message: OK
- request:
    body: null
    headers:
      Accept:
      - '*/*'
      Accept-Encoding:
      - gzip, deflate
      Connection:
      - keep-alive
      User-Agent:
      - python-requests/2.32.5
    method: GET
    uri: http://localhost:5000/seqrepo/1/sequence/ga4gh:SQ.Ya6Rs7DHhDeg7YaOSg1EoNi3U_nQ9SvO?start=766400&end=766404
  response:
    body:
      string: ATAA
    headers:
      Connection:
      - close
      Content-Length:
      - '4'
      Content-Type:
      - text/plain; charset=utf-8
      Date:
      - Thu, 13 Nov 2025 16:35:22 GMT
      Server:
      - Werkzeug/2.2.3 Python/3.10.12
    status:
      code: 200
      message: OK
- request:
    body: null
    headers:
      Accept:
      - '*/*'
      Accept-Encoding:
      - gzip, deflate
      Connection:
      - keep-alive
      User-Agent:
      - python-requests/2.32.5
    method: GET
    uri: http://localhost:5000/seqrepo/1/sequence/ga4gh:SQ.Ya6Rs7DHhDeg7YaOSg1EoNi3U_nQ9SvO?start=766399&end=766400
  response:
    body:
      string: A
    headers:
      Connection:
      - close
      Content-Length:
      - '1'
      Content-Type:
      - text/plain; charset=utf-8
      Date:
      - Thu, 13 Nov 2025 16:35:22 GMT
      Server:
      - Werkzeug/2.2.3 Python/3.10.12
    status:
      code: 200
      message: OK
- request:
    body: null
    headers:
      Accept:
      - '*/*'
      Accept-Encoding:
      - gzip, deflate
      Connection:
      - keep-alive
      User-Agent:
      - python-requests/2.32.5
    method: GET
    uri: http://localhost:5000/seqrepo/1/sequence/ga4gh:SQ.Ya6Rs7DHhDeg7YaOSg1EoNi3U_nQ9SvO?start=766398&end=766399
  response:
    body:
      string: G
    headers:
      Connection:
      - close
      Content-Length:
      - '1'
      Content-Type:
      - text/plain; charset=utf-8
      Date:
      - Thu, 13 Nov 2025 16:35:22 GMT
      Server:
      - Werkzeug/2.2.3 Python/3.10.12
    status:
      code: 200
      message: OK
- request:
    body: null
    headers:
      Accept:
      - '*/*'
      Accept-Encoding:
      - gzip, deflate
      Connection:
      - keep-alive
      User-Agent:
      - python-requests/2.32.5
    method: GET
    uri: http://localhost:5000/seqrepo/1/sequence/ga4gh:SQ.Ya6Rs7DHhDeg7YaOSg1EoNi3U_nQ9SvO?start=766404&end=766405
  response:
    body:
      string: A
    headers:
      Connection:
      - close
      Content-Length:
      - '1'
      Content-Type:
      - text/plain; charset=utf-8
      Date:
      - Thu, 13 Nov 2025 16:35:22 GMT
      Server:
      - Werkzeug/2.2.3 Python/3.10.12
    status:
      code: 200
      message: OK
- request:
    body: null
    headers:
      Accept:
      - '*/*'
      Accept-Encoding:
      - gzip, deflate
      Connection:
      - keep-alive
      User-Agent:
      - python-requests/2.32.5
    method: GET
    uri: http://localhost:5000/seqrepo/1/sequence/ga4gh:SQ.Ya6Rs7DHhDeg7YaOSg1EoNi3U_nQ9SvO?start=766405&end=766406
  response:
    body:
      string: T
    headers:
      Connection:
      - close
      Content-Length:
      - '1'
      Content-Type:
      - text/plain; charset=utf-8
      Date:
      - Thu, 13 Nov 2025 16:35:22 GMT
      Server:
      - Werkzeug/2.2.3 Python/3.10.12
    status:
      code: 200
      message: OK
- request:
    body: null
    headers:
      Accept:
      - '*/*'
      Accept-Encoding:
      - gzip, deflate
      Connection:
      - keep-alive
      User-Agent:
      - python-requests/2.32.5
    method: GET
    uri: http://localhost:5000/seqrepo/1/sequence/ga4gh:SQ.Ya6Rs7DHhDeg7YaOSg1EoNi3U_nQ9SvO?start=766406&end=766407
  response:
    body:
      string: A
    headers:
      Connection:
      - close
      Content-Length:
      - '1'
      Content-Type:
      - text/plain; charset=utf-8
      Date:
      - Thu, 13 Nov 2025 16:35:22 GMT
      Server:
      - Werkzeug/2.2.3 Python/3.10.12
    status:
      code: 200
      message: OK
- request:
    body: null
    headers:
      Accept:
      - '*/*'
      Accept-Encoding:
      - gzip, deflate
      Connection:
      - keep-alive
      User-Agent:
      - python-requests/2.32.5
    method: GET
    uri: http://localhost:5000/seqrepo/1/sequence/ga4gh:SQ.Ya6Rs7DHhDeg7YaOSg1EoNi3U_nQ9SvO?start=766407&end=766408
  response:
    body:
      string: C
    headers:
      Connection:
      - close
      Content-Length:
      - '1'
      Content-Type:
      - text/plain; charset=utf-8
      Date:
      - Thu, 13 Nov 2025 16:35:22 GMT
      Server:
      - Werkzeug/2.2.3 Python/3.10.12
    status:
      code: 200
      message: OK
- request:
    body: null
    headers:
      Accept:
      - '*/*'
      Accept-Encoding:
      - gzip, deflate
      Connection:
      - keep-alive
      User-Agent:
      - python-requests/2.32.5
    method: GET
    uri: http://localhost:5000/seqrepo/1/sequence/ga4gh:SQ.Ya6Rs7DHhDeg7YaOSg1EoNi3U_nQ9SvO?start=766404&end=766407
  response:
    body:
      string: ATA
    headers:
      Connection:
      - close
      Content-Length:
      - '3'
      Content-Type:
      - text/plain; charset=utf-8
      Date:
      - Thu, 13 Nov 2025 16:35:22 GMT
      Server:
      - Werkzeug/2.2.3 Python/3.10.12
    status:
      code: 200
      message: OK
- request:
    body: null
    headers:
      Accept:
      - '*/*'
      Accept-Encoding:
      - gzip, deflate
      Connection:
      - keep-alive
      User-Agent:
      - python-requests/2.32.5
    method: GET
    uri: http://localhost:5000/seqrepo/1/sequence/ga4gh:SQ.Ya6Rs7DHhDeg7YaOSg1EoNi3U_nQ9SvO?start=766399&end=766407
  response:
    body:
      string: AATAAATA
    headers:
      Connection:
      - close
      Content-Length:
      - '8'
      Content-Type:
      - text/plain; charset=utf-8
      Date:
      - Thu, 13 Nov 2025 16:35:22 GMT
      Server:
      - Werkzeug/2.2.3 Python/3.10.12
    status:
      code: 200
      message: OK
- request:
    body: null
    headers:
      Accept:
      - '*/*'
      Accept-Encoding:
      - gzip, deflate
      Connection:
      - keep-alive
      User-Agent:
      - python-requests/2.32.5
    method: GET
    uri: http://localhost:5000/seqrepo/1/sequence/ga4gh:SQ.Ya6Rs7DHhDeg7YaOSg1EoNi3U_nQ9SvO?start=930137&end=930140
  response:
    body:
      string: TCC
    headers:
      Connection:
      - close
      Content-Length:
      - '3'
      Content-Type:
      - text/plain; charset=utf-8
      Date:
      - Thu, 13 Nov 2025 16:35:22 GMT
      Server:
      - Werkzeug/2.2.3 Python/3.10.12
    status:
      code: 200
      message: OK
- request:
    body: null
    headers:
      Accept:
      - '*/*'
      Accept-Encoding:
      - gzip, deflate
      Connection:
      - keep-alive
      User-Agent:
      - python-requests/2.32.5
    method: GET
    uri: http://localhost:5000/seqrepo/1/sequence/ga4gh:SQ.Ya6Rs7DHhDeg7YaOSg1EoNi3U_nQ9SvO?start=930136&end=930137
  response:
    body:
      string: C
    headers:
      Connection:
      - close
      Content-Length:
      - '1'
      Content-Type:
      - text/plain; charset=utf-8
      Date:
      - Thu, 13 Nov 2025 16:35:22 GMT
      Server:
      - Werkzeug/2.2.3 Python/3.10.12
    status:
      code: 200
      message: OK
- request:
    body: null
    headers:
      Accept:
      - '*/*'
      Accept-Encoding:
      - gzip, deflate
      Connection:
      - keep-alive
      User-Agent:
      - python-requests/2.32.5
    method: GET
    uri: http://localhost:5000/seqrepo/1/sequence/ga4gh:SQ.Ya6Rs7DHhDeg7YaOSg1EoNi3U_nQ9SvO?start=930135&end=930136
  response:
    body:
      string: T
    headers:
      Connection:
      - close
      Content-Length:
      - '1'
      Content-Type:
      - text/plain; charset=utf-8
      Date:
      - Thu, 13 Nov 2025 16:35:22 GMT
      Server:
      - Werkzeug/2.2.3 Python/3.10.12
    status:
      code: 200
      message: OK
- request:
    body: null
    headers:
      Accept:
      - '*/*'
      Accept-Encoding:
      - gzip, deflate
      Connection:
      - keep-alive
      User-Agent:
      - python-requests/2.32.5
    method: GET
    uri: http://localhost:5000/seqrepo/1/sequence/ga4gh:SQ.Ya6Rs7DHhDeg7YaOSg1EoNi3U_nQ9SvO?start=930140&end=930141
  response:
    body:
      string: T
    headers:
      Connection:
      - close
      Content-Length:
      - '1'
      Content-Type:
      - text/plain; charset=utf-8
      Date:
      - Thu, 13 Nov 2025 16:35:22 GMT
      Server:
      - Werkzeug/2.2.3 Python/3.10.12
    status:
      code: 200
      message: OK
- request:
    body: null
    headers:
      Accept:
      - '*/*'
      Accept-Encoding:
      - gzip, deflate
      Connection:
      - keep-alive
      User-Agent:
      - python-requests/2.32.5
    method: GET
    uri: http://localhost:5000/seqrepo/1/sequence/ga4gh:SQ.Ya6Rs7DHhDeg7YaOSg1EoNi3U_nQ9SvO?start=930141&end=930142
  response:
    body:
      string: C
    headers:
      Connection:
      - close
      Content-Length:
      - '1'
      Content-Type:
      - text/plain; charset=utf-8
      Date:
      - Thu, 13 Nov 2025 16:35:22 GMT
      Server:
      - Werkzeug/2.2.3 Python/3.10.12
    status:
      code: 200
      message: OK
- request:
    body: null
    headers:
      Accept:
      - '*/*'
      Accept-Encoding:
      - gzip, deflate
      Connection:
      - keep-alive
      User-Agent:
      - python-requests/2.32.5
    method: GET
    uri: http://localhost:5000/seqrepo/1/sequence/ga4gh:SQ.Ya6Rs7DHhDeg7YaOSg1EoNi3U_nQ9SvO?start=930142&end=930143
  response:
    body:
      string: C
    headers:
      Connection:
      - close
      Content-Length:
      - '1'
      Content-Type:
      - text/plain; charset=utf-8
      Date:
      - Thu, 13 Nov 2025 16:35:22 GMT
      Server:
      - Werkzeug/2.2.3 Python/3.10.12
    status:
      code: 200
      message: OK
- request:
    body: null
    headers:
      Accept:
      - '*/*'
      Accept-Encoding:
      - gzip, deflate
      Connection:
      - keep-alive
      User-Agent:
      - python-requests/2.32.5
    method: GET
    uri: http://localhost:5000/seqrepo/1/sequence/ga4gh:SQ.Ya6Rs7DHhDeg7YaOSg1EoNi3U_nQ9SvO?start=930143&end=930144
  response:
    body:
      string: T
    headers:
      Connection:
      - close
      Content-Length:
      - '1'
      Content-Type:
      - text/plain; charset=utf-8
      Date:
      - Thu, 13 Nov 2025 16:35:22 GMT
      Server:
      - Werkzeug/2.2.3 Python/3.10.12
    status:
      code: 200
      message: OK
- request:
    body: null
    headers:
      Accept:
      - '*/*'
      Accept-Encoding:
      - gzip, deflate
      Connection:
      - keep-alive
      User-Agent:
      - python-requests/2.32.5
    method: GET
    uri: http://localhost:5000/seqrepo/1/sequence/ga4gh:SQ.Ya6Rs7DHhDeg7YaOSg1EoNi3U_nQ9SvO?start=930144&end=930145
  response:
    body:
      string: G
    headers:
      Connection:
      - close
      Content-Length:
      - '1'
      Content-Type:
      - text/plain; charset=utf-8
      Date:
      - Thu, 13 Nov 2025 16:35:22 GMT
      Server:
      - Werkzeug/2.2.3 Python/3.10.12
    status:
      code: 200
      message: OK
- request:
    body: null
    headers:
      Accept:
      - '*/*'
      Accept-Encoding:
      - gzip, deflate
      Connection:
      - keep-alive
      User-Agent:
      - python-requests/2.32.5
    method: GET
    uri: http://localhost:5000/seqrepo/1/sequence/ga4gh:SQ.Ya6Rs7DHhDeg7YaOSg1EoNi3U_nQ9SvO?start=930140&end=930144
  response:
    body:
      string: TCCT
    headers:
      Connection:
      - close
      Content-Length:
      - '4'
      Content-Type:
      - text/plain; charset=utf-8
      Date:
      - Thu, 13 Nov 2025 16:35:22 GMT
      Server:
      - Werkzeug/2.2.3 Python/3.10.12
    status:
      code: 200
      message: OK
- request:
    body: null
    headers:
      Accept:
      - '*/*'
      Accept-Encoding:
      - gzip, deflate
      Connection:
      - keep-alive
      User-Agent:
      - python-requests/2.32.5
    method: GET
    uri: http://localhost:5000/seqrepo/1/sequence/ga4gh:SQ.Ya6Rs7DHhDeg7YaOSg1EoNi3U_nQ9SvO?start=930136&end=930144
  response:
    body:
      string: CTCCTCCT
    headers:
      Connection:
      - close
      Content-Length:
      - '8'
      Content-Type:
      - text/plain; charset=utf-8
      Date:
      - Thu, 13 Nov 2025 16:35:22 GMT
      Server:
      - Werkzeug/2.2.3 Python/3.10.12
    status:
      code: 200
      message: OK
- request:
    body: null
    headers:
      Accept:
      - '*/*'
      Accept-Encoding:
      - gzip, deflate
      Connection:
      - keep-alive
      User-Agent:
      - python-requests/2.32.5
    method: GET
    uri: http://localhost:5000/seqrepo/1/sequence/ga4gh:SQ.Ya6Rs7DHhDeg7YaOSg1EoNi3U_nQ9SvO?start=1752908&end=1752908
  response:
    body:
      string: ''
    headers:
      Connection:
      - close
      Content-Length:
      - '0'
      Content-Type:
      - text/plain; charset=utf-8
      Date:
      - Thu, 13 Nov 2025 16:35:22 GMT
      Server:
      - Werkzeug/2.2.3 Python/3.10.12
    status:
      code: 200
      message: OK
- request:
    body: null
    headers:
      Accept:
      - '*/*'
      Accept-Encoding:
      - gzip, deflate
      Connection:
      - keep-alive
      User-Agent:
      - python-requests/2.32.5
    method: GET
    uri: http://localhost:5000/seqrepo/1/sequence/ga4gh:SQ.Ya6Rs7DHhDeg7YaOSg1EoNi3U_nQ9SvO?start=1752907&end=1752908
  response:
    body:
      string: C
    headers:
      Connection:
      - close
      Content-Length:
      - '1'
      Content-Type:
      - text/plain; charset=utf-8
      Date:
      - Thu, 13 Nov 2025 16:35:22 GMT
      Server:
      - Werkzeug/2.2.3 Python/3.10.12
    status:
      code: 200
      message: OK
- request:
    body: null
    headers:
      Accept:
      - '*/*'
      Accept-Encoding:
      - gzip, deflate
      Connection:
      - keep-alive
      User-Agent:
      - python-requests/2.32.5
    method: GET
    uri: http://localhost:5000/seqrepo/1/sequence/ga4gh:SQ.Ya6Rs7DHhDeg7YaOSg1EoNi3U_nQ9SvO?start=1752908&end=1752909
  response:
    body:
      string: C
    headers:
      Connection:
      - close
      Content-Length:
      - '1'
      Content-Type:
      - text/plain; charset=utf-8
      Date:
      - Thu, 13 Nov 2025 16:35:22 GMT
      Server:
      - Werkzeug/2.2.3 Python/3.10.12
    status:
      code: 200
      message: OK
- request:
    body: null
    headers:
      Accept:
      - '*/*'
      Accept-Encoding:
      - gzip, deflate
      Connection:
      - keep-alive
      User-Agent:
      - python-requests/2.32.5
    method: GET
    uri: http://localhost:5000/seqrepo/1/sequence/ga4gh:SQ.Ya6Rs7DHhDeg7YaOSg1EoNi3U_nQ9SvO?start=1752909&end=1752910
  response:
    body:
      string: C
    headers:
      Connection:
      - close
      Content-Length:
      - '1'
      Content-Type:
      - text/plain; charset=utf-8
      Date:
      - Thu, 13 Nov 2025 16:35:22 GMT
      Server:
      - Werkzeug/2.2.3 Python/3.10.12
    status:
      code: 200
      message: OK
- request:
    body: null
    headers:
      Accept:
      - '*/*'
      Accept-Encoding:
      - gzip, deflate
      Connection:
      - keep-alive
      User-Agent:
      - python-requests/2.32.5
    method: GET
    uri: http://localhost:5000/seqrepo/1/sequence/ga4gh:SQ.Ya6Rs7DHhDeg7YaOSg1EoNi3U_nQ9SvO?start=1752910&end=1752911
  response:
    body:
      string: T
    headers:
      Connection:
      - close
      Content-Length:
      - '1'
      Content-Type:
      - text/plain; charset=utf-8
      Date:
      - Thu, 13 Nov 2025 16:35:22 GMT
      Server:
      - Werkzeug/2.2.3 Python/3.10.12
    status:
      code: 200
      message: OK
- request:
    body: null
    headers:
      Accept:
      - '*/*'
      Accept-Encoding:
      - gzip, deflate
      Connection:
      - keep-alive
      User-Agent:
      - python-requests/2.32.5
    method: GET
    uri: http://localhost:5000/seqrepo/1/sequence/ga4gh:SQ.Ya6Rs7DHhDeg7YaOSg1EoNi3U_nQ9SvO?start=1752911&end=1752912
  response:
    body:
      string: C
    headers:
      Connection:
      - close
      Content-Length:
      - '1'
      Content-Type:
      - text/plain; charset=utf-8
      Date:
      - Thu, 13 Nov 2025 16:35:22 GMT
      Server:
      - Werkzeug/2.2.3 Python/3.10.12
    status:
      code: 200
      message: OK
- request:
    body: null
    headers:
      Accept:
      - '*/*'
      Accept-Encoding:
      - gzip, deflate
      Connection:
      - keep-alive
      User-Agent:
      - python-requests/2.32.5
    method: GET
    uri: http://localhost:5000/seqrepo/1/sequence/ga4gh:SQ.Ya6Rs7DHhDeg7YaOSg1EoNi3U_nQ9SvO?start=1752912&end=1752913
  response:
    body:
      string: C
    headers:
      Connection:
      - close
      Content-Length:
      - '1'
      Content-Type:
      - text/plain; charset=utf-8
      Date:
      - Thu, 13 Nov 2025 16:35:22 GMT
      Server:
      - Werkzeug/2.2.3 Python/3.10.12
    status:
      code: 200
      message: OK
- request:
    body: null
    headers:
      Accept:
      - '*/*'
      Accept-Encoding:
      - gzip, deflate
      Connection:
      - keep-alive
      User-Agent:
      - python-requests/2.32.5
    method: GET
    uri: http://localhost:5000/seqrepo/1/sequence/ga4gh:SQ.Ya6Rs7DHhDeg7YaOSg1EoNi3U_nQ9SvO?start=1752913&end=1752914
  response:
    body:
      string: T
    headers:
      Connection:
      - close
      Content-Length:
      - '1'
      Content-Type:
      - text/plain; charset=utf-8
      Date:
      - Thu, 13 Nov 2025 16:35:22 GMT
      Server:
      - Werkzeug/2.2.3 Python/3.10.12
    status:
      code: 200
      message: OK
- request:
    body: null
    headers:
      Accept:
      - '*/*'
      Accept-Encoding:
      - gzip, deflate
      Connection:
      - keep-alive
      User-Agent:
      - python-requests/2.32.5
    method: GET
    uri: http://localhost:5000/seqrepo/1/sequence/ga4gh:SQ.Ya6Rs7DHhDeg7YaOSg1EoNi3U_nQ9SvO?start=1752914&end=1752915
  response:
    body:
      string: C
    headers:
      Connection:
      - close
      Content-Length:
      - '1'
      Content-Type:
      - text/plain; charset=utf-8
      Date:
      - Thu, 13 Nov 2025 16:35:22 GMT
      Server:
      - Werkzeug/2.2.3 Python/3.10.12
    status:
      code: 200
      message: OK
- request:
    body: null
    headers:
      Accept:
      - '*/*'
      Accept-Encoding:
      - gzip, deflate
      Connection:
      - keep-alive
      User-Agent:
      - python-requests/2.32.5
    method: GET
    uri: http://localhost:5000/seqrepo/1/sequence/ga4gh:SQ.Ya6Rs7DHhDeg7YaOSg1EoNi3U_nQ9SvO?start=1752915&end=1752916
  response:
    body:
      string: C
    headers:
      Connection:
      - close
      Content-Length:
      - '1'
      Content-Type:
      - text/plain; charset=utf-8
      Date:
      - Thu, 13 Nov 2025 16:35:22 GMT
      Server:
      - Werkzeug/2.2.3 Python/3.10.12
    status:
      code: 200
      message: OK
- request:
    body: null
    headers:
      Accept:
      - '*/*'
      Accept-Encoding:
      - gzip, deflate
      Connection:
      - keep-alive
      User-Agent:
      - python-requests/2.32.5
    method: GET
    uri: http://localhost:5000/seqrepo/1/sequence/ga4gh:SQ.Ya6Rs7DHhDeg7YaOSg1EoNi3U_nQ9SvO?start=1752916&end=1752917
  response:
    body:
      string: T
    headers:
      Connection:
      - close
      Content-Length:
      - '1'
      Content-Type:
      - text/plain; charset=utf-8
      Date:
      - Thu, 13 Nov 2025 16:35:22 GMT
      Server:
      - Werkzeug/2.2.3 Python/3.10.12
    status:
      code: 200
      message: OK
- request:
    body: null
    headers:
      Accept:
      - '*/*'
      Accept-Encoding:
      - gzip, deflate
      Connection:
      - keep-alive
      User-Agent:
      - python-requests/2.32.5
    method: GET
    uri: http://localhost:5000/seqrepo/1/sequence/ga4gh:SQ.Ya6Rs7DHhDeg7YaOSg1EoNi3U_nQ9SvO?start=1752917&end=1752918
  response:
    body:
      string: C
    headers:
      Connection:
      - close
      Content-Length:
      - '1'
      Content-Type:
      - text/plain; charset=utf-8
      Date:
      - Thu, 13 Nov 2025 16:35:22 GMT
      Server:
      - Werkzeug/2.2.3 Python/3.10.12
    status:
      code: 200
      message: OK
- request:
    body: null
    headers:
      Accept:
      - '*/*'
      Accept-Encoding:
      - gzip, deflate
      Connection:
      - keep-alive
      User-Agent:
      - python-requests/2.32.5
    method: GET
    uri: http://localhost:5000/seqrepo/1/sequence/ga4gh:SQ.Ya6Rs7DHhDeg7YaOSg1EoNi3U_nQ9SvO?start=1752918&end=1752919
  response:
    body:
      string: C
    headers:
      Connection:
      - close
      Content-Length:
      - '1'
      Content-Type:
      - text/plain; charset=utf-8
      Date:
      - Thu, 13 Nov 2025 16:35:22 GMT
      Server:
      - Werkzeug/2.2.3 Python/3.10.12
    status:
      code: 200
      message: OK
- request:
    body: null
    headers:
      Accept:
      - '*/*'
      Accept-Encoding:
      - gzip, deflate
      Connection:
      - keep-alive
      User-Agent:
      - python-requests/2.32.5
    method: GET
    uri: http://localhost:5000/seqrepo/1/sequence/ga4gh:SQ.Ya6Rs7DHhDeg7YaOSg1EoNi3U_nQ9SvO?start=1752919&end=1752920
  response:
    body:
      string: T
    headers:
      Connection:
      - close
      Content-Length:
      - '1'
      Content-Type:
      - text/plain; charset=utf-8
      Date:
      - Thu, 13 Nov 2025 16:35:22 GMT
      Server:
      - Werkzeug/2.2.3 Python/3.10.12
    status:
      code: 200
      message: OK
- request:
    body: null
    headers:
      Accept:
      - '*/*'
      Accept-Encoding:
      - gzip, deflate
      Connection:
      - keep-alive
      User-Agent:
      - python-requests/2.32.5
    method: GET
    uri: http://localhost:5000/seqrepo/1/sequence/ga4gh:SQ.Ya6Rs7DHhDeg7YaOSg1EoNi3U_nQ9SvO?start=1752920&end=1752921
  response:
    body:
      string: C
    headers:
      Connection:
      - close
      Content-Length:
      - '1'
      Content-Type:
      - text/plain; charset=utf-8
      Date:
      - Thu, 13 Nov 2025 16:35:22 GMT
      Server:
      - Werkzeug/2.2.3 Python/3.10.12
    status:
      code: 200
      message: OK
- request:
    body: null
    headers:
      Accept:
      - '*/*'
      Accept-Encoding:
      - gzip, deflate
      Connection:
      - keep-alive
      User-Agent:
      - python-requests/2.32.5
    method: GET
    uri: http://localhost:5000/seqrepo/1/sequence/ga4gh:SQ.Ya6Rs7DHhDeg7YaOSg1EoNi3U_nQ9SvO?start=1752921&end=1752922
  response:
    body:
      string: C
    headers:
      Connection:
      - close
      Content-Length:
      - '1'
      Content-Type:
      - text/plain; charset=utf-8
      Date:
      - Thu, 13 Nov 2025 16:35:22 GMT
      Server:
      - Werkzeug/2.2.3 Python/3.10.12
    status:
      code: 200
      message: OK
- request:
    body: null
    headers:
      Accept:
      - '*/*'
      Accept-Encoding:
      - gzip, deflate
      Connection:
      - keep-alive
      User-Agent:
      - python-requests/2.32.5
    method: GET
    uri: http://localhost:5000/seqrepo/1/sequence/ga4gh:SQ.Ya6Rs7DHhDeg7YaOSg1EoNi3U_nQ9SvO?start=1752922&end=1752923
  response:
    body:
      string: T
    headers:
      Connection:
      - close
      Content-Length:
      - '1'
      Content-Type:
      - text/plain; charset=utf-8
      Date:
      - Thu, 13 Nov 2025 16:35:22 GMT
      Server:
      - Werkzeug/2.2.3 Python/3.10.12
    status:
      code: 200
      message: OK
- request:
    body: null
    headers:
      Accept:
      - '*/*'
      Accept-Encoding:
      - gzip, deflate
      Connection:
      - keep-alive
      User-Agent:
      - python-requests/2.32.5
    method: GET
    uri: http://localhost:5000/seqrepo/1/sequence/ga4gh:SQ.Ya6Rs7DHhDeg7YaOSg1EoNi3U_nQ9SvO?start=1752923&end=1752924
  response:
    body:
      string: C
    headers:
      Connection:
      - close
      Content-Length:
      - '1'
      Content-Type:
      - text/plain; charset=utf-8
      Date:
      - Thu, 13 Nov 2025 16:35:22 GMT
      Server:
      - Werkzeug/2.2.3 Python/3.10.12
    status:
      code: 200
      message: OK
- request:
    body: null
    headers:
      Accept:
      - '*/*'
      Accept-Encoding:
      - gzip, deflate
      Connection:
      - keep-alive
      User-Agent:
      - python-requests/2.32.5
    method: GET
    uri: http://localhost:5000/seqrepo/1/sequence/ga4gh:SQ.Ya6Rs7DHhDeg7YaOSg1EoNi3U_nQ9SvO?start=1752924&end=1752925
  response:
    body:
      string: C
    headers:
      Connection:
      - close
      Content-Length:
      - '1'
      Content-Type:
      - text/plain; charset=utf-8
      Date:
      - Thu, 13 Nov 2025 16:35:22 GMT
      Server:
      - Werkzeug/2.2.3 Python/3.10.12
    status:
      code: 200
      message: OK
- request:
    body: null
    headers:
      Accept:
      - '*/*'
      Accept-Encoding:
      - gzip, deflate
      Connection:
      - keep-alive
      User-Agent:
      - python-requests/2.32.5
    method: GET
    uri: http://localhost:5000/seqrepo/1/sequence/ga4gh:SQ.Ya6Rs7DHhDeg7YaOSg1EoNi3U_nQ9SvO?start=1752925&end=1752926
  response:
    body:
      string: T
    headers:
      Connection:
      - close
      Content-Length:
      - '1'
      Content-Type:
      - text/plain; charset=utf-8
      Date:
      - Thu, 13 Nov 2025 16:35:22 GMT
      Server:
      - Werkzeug/2.2.3 Python/3.10.12
    status:
      code: 200
      message: OK
- request:
    body: null
    headers:
      Accept:
      - '*/*'
      Accept-Encoding:
      - gzip, deflate
      Connection:
      - keep-alive
      User-Agent:
      - python-requests/2.32.5
    method: GET
    uri: http://localhost:5000/seqrepo/1/sequence/ga4gh:SQ.Ya6Rs7DHhDeg7YaOSg1EoNi3U_nQ9SvO?start=1752926&end=1752927
  response:
    body:
      string: C
    headers:
      Connection:
      - close
      Content-Length:
      - '1'
      Content-Type:
      - text/plain; charset=utf-8
      Date:
      - Thu, 13 Nov 2025 16:35:22 GMT
      Server:
      - Werkzeug/2.2.3 Python/3.10.12
    status:
      code: 200
      message: OK
- request:
    body: null
    headers:
      Accept:
      - '*/*'
      Accept-Encoding:
      - gzip, deflate
      Connection:
      - keep-alive
      User-Agent:
      - python-requests/2.32.5
    method: GET
    uri: http://localhost:5000/seqrepo/1/sequence/ga4gh:SQ.Ya6Rs7DHhDeg7YaOSg1EoNi3U_nQ9SvO?start=1752927&end=1752928
  response:
    body:
      string: C
    headers:
      Connection:
      - close
      Content-Length:
      - '1'
      Content-Type:
      - text/plain; charset=utf-8
      Date:
      - Thu, 13 Nov 2025 16:35:22 GMT
      Server:
      - Werkzeug/2.2.3 Python/3.10.12
    status:
      code: 200
      message: OK
- request:
    body: null
    headers:
      Accept:
      - '*/*'
      Accept-Encoding:
      - gzip, deflate
      Connection:
      - keep-alive
      User-Agent:
      - python-requests/2.32.5
    method: GET
    uri: http://localhost:5000/seqrepo/1/sequence/ga4gh:SQ.Ya6Rs7DHhDeg7YaOSg1EoNi3U_nQ9SvO?start=1752928&end=1752929
  response:
    body:
      string: T
    headers:
      Connection:
      - close
      Content-Length:
      - '1'
      Content-Type:
      - text/plain; charset=utf-8
      Date:
      - Thu, 13 Nov 2025 16:35:22 GMT
      Server:
      - Werkzeug/2.2.3 Python/3.10.12
    status:
      code: 200
      message: OK
- request:
    body: null
    headers:
      Accept:
      - '*/*'
      Accept-Encoding:
      - gzip, deflate
      Connection:
      - keep-alive
      User-Agent:
      - python-requests/2.32.5
    method: GET
    uri: http://localhost:5000/seqrepo/1/sequence/ga4gh:SQ.Ya6Rs7DHhDeg7YaOSg1EoNi3U_nQ9SvO?start=1752929&end=1752930
  response:
    body:
      string: C
    headers:
      Connection:
      - close
      Content-Length:
      - '1'
      Content-Type:
      - text/plain; charset=utf-8
      Date:
      - Thu, 13 Nov 2025 16:35:22 GMT
      Server:
      - Werkzeug/2.2.3 Python/3.10.12
    status:
      code: 200
      message: OK
- request:
    body: null
    headers:
      Accept:
      - '*/*'
      Accept-Encoding:
      - gzip, deflate
      Connection:
      - keep-alive
      User-Agent:
      - python-requests/2.32.5
    method: GET
    uri: http://localhost:5000/seqrepo/1/sequence/ga4gh:SQ.Ya6Rs7DHhDeg7YaOSg1EoNi3U_nQ9SvO?start=1752930&end=1752931
  response:
    body:
      string: C
    headers:
      Connection:
      - close
      Content-Length:
      - '1'
      Content-Type:
      - text/plain; charset=utf-8
      Date:
      - Thu, 13 Nov 2025 16:35:23 GMT
      Server:
      - Werkzeug/2.2.3 Python/3.10.12
    status:
      code: 200
      message: OK
- request:
    body: null
    headers:
      Accept:
      - '*/*'
      Accept-Encoding:
      - gzip, deflate
      Connection:
      - keep-alive
      User-Agent:
      - python-requests/2.32.5
    method: GET
    uri: http://localhost:5000/seqrepo/1/sequence/ga4gh:SQ.Ya6Rs7DHhDeg7YaOSg1EoNi3U_nQ9SvO?start=1752931&end=1752932
  response:
    body:
      string: T
    headers:
      Connection:
      - close
      Content-Length:
      - '1'
      Content-Type:
      - text/plain; charset=utf-8
      Date:
      - Thu, 13 Nov 2025 16:35:23 GMT
      Server:
      - Werkzeug/2.2.3 Python/3.10.12
    status:
      code: 200
      message: OK
- request:
    body: null
    headers:
      Accept:
      - '*/*'
      Accept-Encoding:
      - gzip, deflate
      Connection:
      - keep-alive
      User-Agent:
      - python-requests/2.32.5
    method: GET
    uri: http://localhost:5000/seqrepo/1/sequence/ga4gh:SQ.Ya6Rs7DHhDeg7YaOSg1EoNi3U_nQ9SvO?start=1752932&end=1752933
  response:
    body:
      string: C
    headers:
      Connection:
      - close
      Content-Length:
      - '1'
      Content-Type:
      - text/plain; charset=utf-8
      Date:
      - Thu, 13 Nov 2025 16:35:23 GMT
      Server:
      - Werkzeug/2.2.3 Python/3.10.12
    status:
      code: 200
      message: OK
- request:
    body: null
    headers:
      Accept:
      - '*/*'
      Accept-Encoding:
      - gzip, deflate
      Connection:
      - keep-alive
      User-Agent:
      - python-requests/2.32.5
    method: GET
    uri: http://localhost:5000/seqrepo/1/sequence/ga4gh:SQ.Ya6Rs7DHhDeg7YaOSg1EoNi3U_nQ9SvO?start=1752933&end=1752934
  response:
    body:
      string: C
    headers:
      Connection:
      - close
      Content-Length:
      - '1'
      Content-Type:
      - text/plain; charset=utf-8
      Date:
      - Thu, 13 Nov 2025 16:35:23 GMT
      Server:
      - Werkzeug/2.2.3 Python/3.10.12
    status:
      code: 200
      message: OK
- request:
    body: null
    headers:
      Accept:
      - '*/*'
      Accept-Encoding:
      - gzip, deflate
      Connection:
      - keep-alive
      User-Agent:
      - python-requests/2.32.5
    method: GET
    uri: http://localhost:5000/seqrepo/1/sequence/ga4gh:SQ.Ya6Rs7DHhDeg7YaOSg1EoNi3U_nQ9SvO?start=1752934&end=1752935
  response:
    body:
      string: T
    headers:
      Connection:
      - close
      Content-Length:
      - '1'
      Content-Type:
      - text/plain; charset=utf-8
      Date:
      - Thu, 13 Nov 2025 16:35:23 GMT
      Server:
      - Werkzeug/2.2.3 Python/3.10.12
    status:
      code: 200
      message: OK
- request:
    body: null
    headers:
      Accept:
      - '*/*'
      Accept-Encoding:
      - gzip, deflate
      Connection:
      - keep-alive
      User-Agent:
      - python-requests/2.32.5
    method: GET
    uri: http://localhost:5000/seqrepo/1/sequence/ga4gh:SQ.Ya6Rs7DHhDeg7YaOSg1EoNi3U_nQ9SvO?start=1752935&end=1752936
  response:
    body:
      string: C
    headers:
      Connection:
      - close
      Content-Length:
      - '1'
      Content-Type:
      - text/plain; charset=utf-8
      Date:
      - Thu, 13 Nov 2025 16:35:23 GMT
      Server:
      - Werkzeug/2.2.3 Python/3.10.12
    status:
      code: 200
      message: OK
- request:
    body: null
    headers:
      Accept:
      - '*/*'
      Accept-Encoding:
      - gzip, deflate
      Connection:
      - keep-alive
      User-Agent:
      - python-requests/2.32.5
    method: GET
    uri: http://localhost:5000/seqrepo/1/sequence/ga4gh:SQ.Ya6Rs7DHhDeg7YaOSg1EoNi3U_nQ9SvO?start=1752936&end=1752937
  response:
    body:
      string: G
    headers:
      Connection:
      - close
      Content-Length:
      - '1'
      Content-Type:
      - text/plain; charset=utf-8
      Date:
      - Thu, 13 Nov 2025 16:35:23 GMT
      Server:
      - Werkzeug/2.2.3 Python/3.10.12
    status:
      code: 200
      message: OK
- request:
    body: null
    headers:
      Accept:
      - '*/*'
      Accept-Encoding:
      - gzip, deflate
      Connection:
      - keep-alive
      User-Agent:
      - python-requests/2.32.5
    method: GET
    uri: http://localhost:5000/seqrepo/1/sequence/ga4gh:SQ.Ya6Rs7DHhDeg7YaOSg1EoNi3U_nQ9SvO?start=1752908&end=1752936
  response:
    body:
      string: CCTCCTCCTCCTCCTCCTCCTCCTCCTC
    headers:
      Connection:
      - close
      Content-Length:
      - '28'
      Content-Type:
      - text/plain; charset=utf-8
      Date:
      - Thu, 13 Nov 2025 16:35:23 GMT
      Server:
      - Werkzeug/2.2.3 Python/3.10.12
    status:
      code: 200
      message: OK
version: 1
